Running Gradle task 'assembleDebug'...                             12,8s
ÔêÜ Built build\app\outputs\flutter-apk\app-debug.apk
